// Jest Snapshot v1, https://goo.gl/fbAQLP

exports[`<DayCard /> Renders DayCard element and text content 1`] = `
<li
  className=""
  onClick={[Function]}
>
  <span
    className="timestep-name"
  >
    2pm
  </span>
  <span
    className="timestep-aqi"
  >
    AQI: 
    5
  </span>
</li>
`;
